[2022-05-28T17:52:10.686+0200][gc] Using G1
[2022-05-28T17:52:10.690+0200][gc,init] Version: 15.0.2+7-27 (release)
[2022-05-28T17:52:10.690+0200][gc,init] CPUs: 4 total, 4 available
[2022-05-28T17:52:10.690+0200][gc,init] Memory: 8074M
[2022-05-28T17:52:10.690+0200][gc,init] Large Page Support: Disabled
[2022-05-28T17:52:10.690+0200][gc,init] NUMA Support: Disabled
[2022-05-28T17:52:10.690+0200][gc,init] Compressed Oops: Enabled (32-bit)
[2022-05-28T17:52:10.690+0200][gc,init] Heap Region Size: 1M
[2022-05-28T17:52:10.690+0200][gc,init] Heap Min Capacity: 512M
[2022-05-28T17:52:10.690+0200][gc,init] Heap Initial Capacity: 512M
[2022-05-28T17:52:10.690+0200][gc,init] Heap Max Capacity: 512M
[2022-05-28T17:52:10.691+0200][gc,init] Pre-touch: Disabled
[2022-05-28T17:52:10.691+0200][gc,init] Parallel Workers: 4
[2022-05-28T17:52:10.691+0200][gc,init] Concurrent Workers: 1
[2022-05-28T17:52:10.691+0200][gc,init] Concurrent Refinement Workers: 4
[2022-05-28T17:52:10.691+0200][gc,init] Periodic GC: Disabled
[2022-05-28T17:52:10.692+0200][gc,metaspace] CDS archive(s) mapped at: [0x0000000800000000-0x0000000800b50000-0x0000000800b50000), size 11862016, SharedBaseAddress: 0x0000000800000000, ArchiveRelocationMode: 0.
[2022-05-28T17:52:10.692+0200][gc,metaspace] Compressed class space mapped at: 0x0000000800b50000-0x0000000840b50000, size: 1073741824
[2022-05-28T17:52:10.692+0200][gc,metaspace] Narrow klass base: 0x0000000800000000, Narrow klass shift: 3, Narrow klass range: 0x100000000
[2022-05-28T17:52:11.035+0200][gc,heap,exit] Heap
[2022-05-28T17:52:11.036+0200][gc,heap,exit]  garbage-first heap   total 524288K, used 6144K [0x00000000e0000000, 0x0000000100000000)
[2022-05-28T17:52:11.036+0200][gc,heap,exit]   region size 1024K, 7 young (7168K), 0 survivors (0K)
[2022-05-28T17:52:11.036+0200][gc,heap,exit]  Metaspace       used 4527K, capacity 4763K, committed 4992K, reserved 1056768K
[2022-05-28T17:52:11.036+0200][gc,heap,exit]   class space    used 510K, capacity 564K, committed 640K, reserved 1048576K
